---
source: src/queue/local.rs
expression: got
---
DFTB_CMD=/opt/dftb+/dftb+
(cd opt0.inp && $DFTB_CMD > out)
(cd opt1.inp && $DFTB_CMD > out)
(cd opt2.inp && $DFTB_CMD > out)
(cd opt3.inp && $DFTB_CMD > out)
