---
source: src/queue/slurm.rs
expression: got
---
#!/bin/bash
#SBATCH --ntasks=1
#SBATCH --cpus-per-task=1
#SBATCH --no-requeue
#SBATCH --mem=1gb
export LD_LIBRARY_PATH=/home/qc/mopac2016/
export MOPAC_CMD=/home/qc/mopac2016/MOPAC2016.exe
echo $SLURM_JOB_ID
date
hostname
$MOPAC_CMD opt0.inp.mop
$MOPAC_CMD opt1.inp.mop
$MOPAC_CMD opt2.inp.mop
$MOPAC_CMD opt3.inp.mop
